// Jest Snapshot v1, https://goo.gl/fbAQLP

exports[`Tests on \`AddCategory\` component AddCategory should be created 1`] = `
<form
  onSubmit={[Function]}
>
  <input
    onChange={[Function]}
    type="text"
    value=""
  />
</form>
`;
