// Jest Snapshot v1, https://goo.gl/fbAQLP

exports[`Tests on \`GifGridItem\` component GifGridItem should be created 1`] = `
<div
  className="card animate__animated animate__fadeIn"
>
  <img
    alt="test"
    src="https://test.jpg"
  />
  <p>
    test
  </p>
</div>
`;
